
[project-state] failed
{
  "schema": "canto-span-project-state-verification-v1",
  "status": "FAIL",
  "checked_fields": 31,
  "canonical_values": {
    "runtime_version": "v0.5.228",
    "runtime_labels": 134,
    "current_construction_notes": 134,
    "available_construction_notes": 134,
    "parked_construction_notes": 0,
    "retired_labels": 48,
    "permanent_uuid_records": 182,
    "expert_adjudicated_uuids": 94,
    "pending_uuid_adjudications": 88,
    "promotion_ready": 0,
    "regression_cases": 551,
    "np_subsystem_cases": 43,
    "construction_assertions": 1639,
    "construction_test_files": 134,
    "positive_and_boundary_files": 133,
    "compatibility_alias_only_files": 1,
    "linguistic_status.supported_productive": 0,
    "linguistic_status.provisional_reaudit": 0,
    "linguistic_status.provisional": 0,
    "linguistic_status.research_pending": 80,
    "linguistic_status.unsupported_generalization": 37,
    "linguistic_status.lexicalized_only": 2,
    "linguistic_status.parser_heuristic": 15,
    "discovery_state.behavior_aligned": 1,
    "discovery_state.boundary_ready": 3,
    "discovery_state.excluded_nonlanguage": 38,
    "discovery_state.lexicalized_review": 2,
    "discovery_state.narrowing_candidate": 30,
    "discovery_state.retired_evidence_rehome_candidate": 42,
    "discovery_state.retired_research_gap": 6,
    "discovery_state.source_supported": 60
  },
  "failures": [
    {
      "type": "missing_declared_field",
      "field": "promotion_ready",
      "declared": null,
      "derived": 0,
      "source": "data/construction-candidate-readiness.json",
      "command": "node tools/generate-supported-productive-discovery.js"
    },
    {
      "type": "missing_declared_field",
      "field": "regression_cases",
      "declared": null,
      "derived": 551,
      "source": "tests/fixtures/regression-snapshots.json",
      "command": "cases.length"
    },
    {
      "type": "missing_declared_field",
      "field": "np_subsystem_cases",
      "declared": null,
      "derived": 43,
      "source": "tests/fixtures/np-subsystem.json",
      "command": "cases.length"
    },
    {
      "type": "missing_declared_field",
      "field": "construction_assertions",
      "declared": null,
      "derived": 1639,
      "source": "tests/construction-test-index.json",
      "command": "sum(files[].executable_case_count)"
    },
    {
      "type": "missing_declared_field",
      "field": "construction_test_files",
      "declared": null,
      "derived": 134,
      "source": "tests/construction-test-index.json",
      "command": "files.length"
    },
    {
      "type": "missing_declared_field",
      "field": "positive_and_boundary_files",
      "declared": null,
      "derived": 133,
      "source": "tests/construction-test-index.json",
      "command": "files where state=positive_and_boundary"
    },
    {
      "type": "missing_declared_field",
      "field": "compatibility_alias_only_files",
      "declared": null,
      "derived": 1,
      "source": "tests/construction-test-index.json",
      "command": "files where state=compatibility_alias_only"
    },
    {
      "type": "missing_declared_field",
      "field": "discovery_state.behavior_aligned",
      "declared": null,
      "derived": 1,
      "source": "data/construction-candidate-readiness.json",
      "command": "node tools/generate-supported-productive-discovery.js"
    },
    {
      "type": "missing_declared_field",
      "field": "discovery_state.boundary_ready",
      "declared": null,
      "derived": 3,
      "source": "data/construction-candidate-readiness.json",
      "command": "node tools/generate-supported-productive-discovery.js"
    },
    {
      "type": "missing_declared_field",
      "field": "discovery_state.excluded_nonlanguage",
      "declared": null,
      "derived": 38,
      "source": "data/construction-candidate-readiness.json",
      "command": "node tools/generate-supported-productive-discovery.js"
    },
    {
      "type": "missing_declared_field",
      "field": "discovery_state.lexicalized_review",
      "declared": null,
      "derived": 2,
      "source": "data/construction-candidate-readiness.json",
      "command": "node tools/generate-supported-productive-discovery.js"
    },
    {
      "type": "missing_declared_field",
      "field": "discovery_state.narrowing_candidate",
      "declared": null,
      "derived": 30,
      "source": "data/construction-candidate-readiness.json",
      "command": "node tools/generate-supported-productive-discovery.js"
    },
    {
      "type": "missing_declared_field",
      "field": "discovery_state.retired_evidence_rehome_candidate",
      "declared": null,
      "derived": 42,
      "source": "data/construction-candidate-readiness.json",
      "command": "node tools/generate-supported-productive-discovery.js"
    },
    {
      "type": "missing_declared_field",
      "field": "discovery_state.retired_research_gap",
      "declared": null,
      "derived": 6,
      "source": "data/construction-candidate-readiness.json",
      "command": "node tools/generate-supported-productive-discovery.js"
    },
    {
      "type": "missing_declared_field",
      "field": "discovery_state.source_supported",
      "declared": null,
      "derived": 60,
      "source": "data/construction-candidate-readiness.json",
      "command": "node tools/generate-supported-productive-discovery.js"
    }
  ],
  "ignored_scope": "Unmarked expert prose and policy text are intentionally not interpreted."
}
{
  "schema": "canto-span-verification-summary-v3",
  "runtime_version": "0.5.228",
  "requested_profile": "core",
  "included_profiles": [
    "core"
  ],
  "manifest_profile_order": [
    "core",
    "research",
    "runtime",
    "release"
  ],
  "fail_fast": true,
  "validation_only": false,
  "registered_command_count": 17,
  "configured_command_count": 7,
  "executed_command_count": 6,
  "execution_integrity": {
    "duplicate_executions": [],
    "missing_executions": []
  },
  "passed": 5,
  "failed": 1,
  "status": "FAIL",
  "results": [
    {
      "id": "construction-notes",
      "profile": "core",
      "reason": "Keep current construction notes structurally aligned with runtime labels and test files.",
      "run_when": "Runtime labels, construction notes, statuses, or construction test metadata change.",
      "command": [
        "node",
        "tools/verify-construction-notes.js"
      ],
      "exit_code": 0,
      "signal": "",
      "status": "PASS"
    },
    {
      "id": "construction-adjudications",
      "profile": "core",
      "reason": "Prevent accepted UUID-keyed adjudications from drifting from their canonical records.",
      "run_when": "Identity or adjudication records change.",
      "command": [
        "node",
        "tools/apply-construction-adjudications.js"
      ],
      "exit_code": 0,
      "signal": "",
      "status": "PASS"
    },
    {
      "id": "construction-identities",
      "profile": "core",
      "reason": "Protect permanent UUIDs, short codes, aliases, and lifecycle coverage.",
      "run_when": "Identity, adjudication, runtime-label, or source-path data change.",
      "command": [
        "node",
        "tools/verify-construction-identities.js"
      ],
      "exit_code": 0,
      "signal": "",
      "status": "PASS"
    },
    {
      "id": "discovery-freshness",
      "profile": "core",
      "reason": "Detect stale deterministic readiness outputs after their canonical inputs change.",
      "run_when": "Identity, evidence, status, corpus, panel, test, or readiness inputs change.",
      "command": [
        "node",
        "tools/generate-supported-productive-discovery.js"
      ],
      "exit_code": 0,
      "signal": "",
      "status": "PASS"
    },
    {
      "id": "parked-constructions",
      "profile": "core",
      "reason": "Ensure every parked entry resolves to one current identity and unlisted constructions remain available.",
      "run_when": "Parking or identity data change.",
      "command": [
        "node",
        "tools/verify-parked-constructions.js"
      ],
      "exit_code": 0,
      "signal": "",
      "status": "PASS"
    },
    {
      "id": "project-state",
      "profile": "core",
      "reason": "Keep the sole current project snapshot synchronized with canonical counts.",
      "run_when": "Canonical state or PROJECT-STATE.md changes.",
      "command": [
        "node",
        "tools/verify-project-state.js"
      ],
      "exit_code": 1,
      "signal": "",
      "status": "FAIL",
      "stdout": "{\n  \"schema\": \"canto-span-project-state-verification-v1\",\n  \"status\": \"FAIL\",\n  \"checked_fields\": 31,\n  \"canonical_values\": {\n    \"runtime_version\": \"v0.5.228\",\n    \"runtime_labels\": 134,\n    \"current_construction_notes\": 134,\n    \"available_construction_notes\": 134,\n    \"parked_construction_notes\": 0,\n    \"retired_labels\": 48,\n    \"permanent_uuid_records\": 182,\n    \"expert_adjudicated_uuids\": 94,\n    \"pending_uuid_adjudications\": 88,\n    \"promotion_ready\": 0,\n    \"regression_cases\": 551,\n    \"np_subsystem_cases\": 43,\n    \"construction_assertions\": 1639,\n    \"construction_test_files\": 134,\n    \"positive_and_boundary_files\": 133,\n    \"compatibility_alias_only_files\": 1,\n    \"linguistic_status.supported_productive\": 0,\n    \"linguistic_status.provisional_reaudit\": 0,\n    \"linguistic_status.provisional\": 0,\n    \"linguistic_status.research_pending\": 80,\n    \"linguistic_status.unsupported_generalization\": 37,\n    \"linguistic_status.lexicalized_only\": 2,\n    \"linguistic_status.parser_heuristic\": 15,\n    \"discovery_state.behavior_aligned\": 1,\n    \"discovery_state.boundary_ready\": 3,\n    \"discovery_state.excluded_nonlanguage\": 38,\n    \"discovery_state.lexicalized_review\": 2,\n    \"discovery_state.narrowing_candidate\": 30,\n    \"discovery_state.retired_evidence_rehome_candidate\": 42,\n    \"discovery_state.retired_research_gap\": 6,\n    \"discovery_state.source_supported\": 60\n  },\n  \"failures\": [\n    {\n      \"type\": \"missing_declared_field\",\n      \"field\": \"promotion_ready\",\n      \"declared\": null,\n      \"derived\": 0,\n      \"source\": \"data/construction-candidate-readiness.json\",\n      \"command\": \"node tools/generate-supported-productive-discovery.js\"\n    },\n    {\n      \"type\": \"missing_declared_field\",\n      \"field\": \"regression_cases\",\n      \"declared\": null,\n      \"derived\": 551,\n      \"source\": \"tests/fixtures/regression-snapshots.json\",\n      \"command\": \"cases.length\"\n    },\n    {\n      \"type\": \"missing_declared_field\",\n      \"field\": \"np_subsystem_cases\",\n      \"declared\": null,\n      \"derived\": 43,\n      \"source\": \"tests/fixtures/np-subsystem.json\",\n      \"command\": \"cases.length\"\n    },\n    {\n      \"type\": \"missing_declared_field\",\n      \"field\": \"construction_assertions\",\n      \"declared\": null,\n      \"derived\": 1639,\n      \"source\": \"tests/construction-test-index.json\",\n      \"command\": \"sum(files[].executable_case_count)\"\n    },\n    {\n      \"type\": \"missing_declared_field\",\n      \"field\": \"construction_test_files\",\n      \"declared\": null,\n      \"derived\": 134,\n      \"source\": \"tests/construction-test-index.json\",\n      \"command\": \"files.length\"\n    },\n    {\n      \"type\": \"missing_declared_field\",\n      \"field\": \"positive_and_boundary_files\",\n      \"declared\": null,\n      \"derived\": 133,\n      \"source\": \"tests/construction-test-index.json\",\n      \"command\": \"files where state=positive_and_boundary\"\n    },\n    {\n      \"type\": \"missing_declared_field\",\n      \"field\": \"compatibility_alias_only_files\",\n      \"declared\": null,\n      \"derived\": 1,\n      \"source\": \"tests/construction-test-index.json\",\n      \"command\": \"files where state=compatibility_alias_only\"\n    },\n    {\n      \"type\": \"missing_declared_field\",\n      \"field\": \"discovery_state.behavior_aligned\",\n      \"declared\": null,\n      \"derived\": 1,\n      \"source\": \"data/construction-candidate-readiness.json\",\n      \"command\": \"node tools/generate-supported-productive-discovery.js\"\n    },\n    {\n      \"type\": \"missing_declared_field\",\n      \"field\": \"discovery_state.boundary_ready\",\n      \"declared\": null,\n      \"derived\": 3,\n      \"source\": \"data/construction-candidate-readiness.json\",\n      \"command\": \"node tools/generate-supported-productive-discovery.js\"\n    },\n    {\n      \"type\": \"missing_declared_field\",\n      \"field\": \"discovery_state.excluded_nonlanguage\",\n      \"declared\": null,\n      \"derived\": 38,\n      \"source\": \"data/construction-candidate-readiness.json\",\n      \"command\": \"node tools/generate-supported-productive-discovery.js\"\n    },\n    {\n      \"type\": \"missing_declared_field\",\n      \"field\": \"discovery_state.lexicalized_review\",\n      \"declared\": null,\n      \"derived\": 2,\n      \"source\": \"data/construction-candidate-readiness.json\",\n      \"command\": \"node tools/generate-supported-productive-discovery.js\"\n    },\n    {\n      \"type\": \"missing_declared_field\",\n      \"field\": \"discovery_state.narrowing_candidate\",\n      \"declared\": null,\n      \"derived\": 30,\n      \"source\": \"data/construction-candidate-readiness.json\",\n      \"command\": \"node tools/generate-supported-productive-discovery.js\"\n    },\n    {\n      \"type\": \"missing_declared_field\",\n      \"field\": \"discovery_state.retired_evidence_rehome_candidate\",\n      \"declared\": null,\n      \"derived\": 42,\n      \"source\": \"data/construction-candidate-readiness.json\",\n      \"command\": \"node tools/generate-supported-productive-discovery.js\"\n    },\n    {\n      \"type\": \"missing_declared_field\",\n      \"field\": \"discovery_state.retired_research_gap\",\n      \"declared\": null,\n      \"derived\": 6,\n      \"source\": \"data/construction-candidate-readiness.json\",\n      \"command\": \"node tools/generate-supported-productive-discovery.js\"\n    },\n    {\n      \"type\": \"missing_declared_field\",\n      \"field\": \"discovery_state.source_supported\",\n      \"declared\": null,\n      \"derived\": 60,\n      \"source\": \"data/construction-candidate-readiness.json\",\n      \"command\": \"node tools/generate-supported-productive-discovery.js\"\n    }\n  ],\n  \"ignored_scope\": \"Unmarked expert prose and policy text are intentionally not interpreted.\"\n}\n",
      "stderr": ""
    }
  ]
}
